
running 4 tests
test test_standard_rec_id ... ok
test test_standard_id ... ok
test test_standard_concurr ... ok
test test_standard_receive_lit ... FAILED

failures:

---- test_standard_receive_lit stdout ----
VAL: ast_list [154: var 155: 1.146, 156: var 157: M.141]
PAT: ast_list [57: var 58: X.57, 59: var 60: M.59]
PATi: 57: var 58: X.57
VALi: 154
PATi: 59: var 60: M.59
VALi: 156
vaddr ((87, ε), 57, ε) matches varname X
subst val (154, [23 |-> ((0, ε), 23, ε), 27 |-> ((0, ε), 27, ε), 31 |-> ((0, ε), 31, ε), 35 |-> ((0, ε), 35, ε), 135 |-> ((0, ε), 135, ε), 141 |-> ((0, ε), 141, ε), 146 |-> ((0, ε), 146, ε)]) and vec []
vaddr ((0, ε), 116, ε) matches varname X
subst val (156, [23 |-> ((0, ε), 23, ε), 27 |-> ((0, ε), 27, ε), 31 |-> ((0, ε), 31, ε), 35 |-> ((0, ε), 35, ε), 135 |-> ((0, ε), 135, ε), 141 |-> ((0, ε), 141, ε), 146 |-> ((0, ε), 146, ε)]) and vec []

thread 'test_standard_receive_lit' panicked at tests/soundness.rs:125:5:
No entry X matching Literal(
    "a",
) found.
note: run with `RUST_BACKTRACE=1` environment variable to display a backtrace


failures:
    test_standard_receive_lit

test result: FAILED. 3 passed; 1 failed; 0 ignored; 0 measured; 0 filtered out; finished in 0.13s

